<html>
<body>
<pre>
<h1>礦ision Build Log</h1>
<h2>Tool Versions:</h2>
IDE-Version: μVision V5.14.0.0
Copyright (C) 2015 ARM Ltd and ARM Germany GmbH. All rights reserved.
License Information: 111 Xil, 111, LIC=SDA0P-MNMZ2-HL7CL-099DJ-7SG4D-6HYK4
 
Tool Versions:
Toolchain:       MDK-ARM Standard  Version: 5.14.0.0
Toolchain Path:  D:\StudySoftware\Keil5\ARM\ARMCC\Bin
C Compiler:      Armcc.exe V5.05 update 1 (build 106)
Assembler:       Armasm.exe V5.05 update 1 (build 106)
Linker/Locator:  ArmLink.exe V5.05 update 1 (build 106)
Library Manager: ArmAr.exe V5.05 update 1 (build 106)
Hex Converter:   FromElf.exe V5.05 update 1 (build 106)
CPU DLL:         SARMCM3.DLL V5.14.0.0
Dialog DLL:      DARMSTM.DLL V1.65.0.0
Target DLL:      CMSIS_AGDI.dll V1.21.0.0
Dialog DLL:      TARMSTM.DLL V1.64.0.0
 
<h2>Project:</h2>
D:\大学生涯\大四全年\毕设\ESP8266资料\2-配套程序_接线说明\STM32配套例程与接线说明\F103_指南者开发板\3-向电脑网络助手上传 DHT11 温湿度\Project\RVMDK（uv5）\iSO-STM32.uvprojx
Project File Date:  02/24/2025

<h2>Output:</h2>
Rebuild target 'WF-ESP8266'
assembling startup_stm32f10x_hd.s...
compiling core_cm3.c...
compiling system_stm32f10x.c...
compiling misc.c...
compiling stm32f10x_adc.c...
compiling stm32f10x_bkp.c...
compiling stm32f10x_can.c...
compiling stm32f10x_cec.c...
compiling stm32f10x_crc.c...
compiling stm32f10x_dac.c...
compiling stm32f10x_dbgmcu.c...
compiling stm32f10x_dma.c...
compiling stm32f10x_exti.c...
compiling stm32f10x_flash.c...
compiling stm32f10x_fsmc.c...
compiling stm32f10x_gpio.c...
compiling stm32f10x_i2c.c...
compiling stm32f10x_iwdg.c...
compiling stm32f10x_pwr.c...
compiling stm32f10x_rcc.c...
compiling stm32f10x_rtc.c...
compiling stm32f10x_sdio.c...
compiling stm32f10x_spi.c...
compiling stm32f10x_tim.c...
compiling stm32f10x_usart.c...
compiling stm32f10x_wwdg.c...
compiling main.c...
compiling stm32f10x_it.c...
compiling bsp_SysTick.c...
compiling Common.c...
compiling bsp_dht11.c...
compiling bsp_usart.c...
compiling bsp_led.c...
compiling bsp_esp8266.c...
compiling bsp_esp8266_test.c...
compiling core_delay.c...
linking...
Program Size: Code=9440 RO-data=428 RW-data=96 ZI-data=3080  
FromELF: creating hex file...
"..\..\Output\Template.axf" - 0 Error(s), 0 Warning(s).

<h2>Collection of Component include folders:</h2>
  D:\大学生涯\大四全年\毕设\ESP8266资料\2-配套程序_接线说明\STM32配套例程与接线说明\F103_指南者开发板\3-向电脑网络助手上传 DHT11 温湿度\Project\RVMDK（uv5）\RTE
  D:\StudySoftware\Keil5\ARM\PACK\Keil\STM32F1xx_DFP\2.4.1

<h2>Collection of Component Files used:</h2>
</pre>
</body>
</html>
